
  .   ____          _            __ _ _
 /\\ / ___'_ __ _ _(_)_ __  __ _ \ \ \ \
( ( )\___ | '_ | '_| | '_ \/ _` | \ \ \ \
 \\/  ___)| |_)| | | | | || (_| |  ) ) ) )
  '  |____| .__|_| |_|_| |_\__, | / / / /
 =========|_|==============|___/=/_/_/_/

 :: Spring Boot ::                (v3.3.4)

2026-10-04T15:33:40.895+05:30  INFO 16688 --- [ecard-service] [           main] c.m.e.ecard.ECardServiceApplication      : Starting ECardServiceApplication v1.0.0-SNAPSHOT using Java 21.0.12.1 with PID 16688 (C:\MY-Workspace\Learning-Java\ecard-service\target\ecard-service-1.0.0-SNAPSHOT.jar started by Gajanan in C:\MY-Workspace\Learning-Java)
2026-10-04T15:33:40.914+05:30  INFO 16688 --- [ecard-service] [           main] c.m.e.ecard.ECardServiceApplication      : No active profile set, falling back to 1 default profile: "default"
2026-10-04T15:33:45.095+05:30  INFO 16688 --- [ecard-service] [           main] .s.d.r.c.RepositoryConfigurationDelegate : Bootstrapping Spring Data JPA repositories in DEFAULT mode.
2026-10-04T15:33:45.371+05:30  INFO 16688 --- [ecard-service] [           main] .s.d.r.c.RepositoryConfigurationDelegate : Finished Spring Data repository scanning in 220 ms. Found 1 JPA repository interface.
2026-10-04T15:33:48.880+05:30  INFO 16688 --- [ecard-service] [           main] o.s.b.w.embedded.tomcat.TomcatWebServer  : Tomcat initialized with port 8086 (http)
2026-10-04T15:33:48.936+05:30  INFO 16688 --- [ecard-service] [           main] o.apache.catalina.core.StandardService   : Starting service [Tomcat]
2026-10-04T15:33:48.939+05:30  INFO 16688 --- [ecard-service] [           main] o.apache.catalina.core.StandardEngine    : Starting Servlet engine: [Apache Tomcat/10.1.30]
2026-10-04T15:33:49.149+05:30  INFO 16688 --- [ecard-service] [           main] o.a.c.c.C.[Tomcat].[localhost].[/]       : Initializing Spring embedded WebApplicationContext
2026-10-04T15:33:49.195+05:30  INFO 16688 --- [ecard-service] [           main] w.s.c.ServletWebServerApplicationContext : Root WebApplicationContext: initialization completed in 7964 ms
2026-10-04T15:33:50.928+05:30  INFO 16688 --- [ecard-service] [           main] com.zaxxer.hikari.HikariDataSource       : HikariPool-1 - Starting...
2026-10-04T15:33:53.036+05:30  INFO 16688 --- [ecard-service] [           main] com.zaxxer.hikari.pool.HikariPool        : HikariPool-1 - Added connection org.postgresql.jdbc.PgConnection@3a1b36a1
2026-10-04T15:33:53.042+05:30  INFO 16688 --- [ecard-service] [           main] com.zaxxer.hikari.HikariDataSource       : HikariPool-1 - Start completed.
2026-10-04T15:33:53.183+05:30  INFO 16688 --- [ecard-service] [           main] org.flywaydb.core.FlywayExecutor         : Database: jdbc:postgresql://localhost:5432/enrolment (PostgreSQL 17.5)
2026-10-04T15:33:53.218+05:30  WARN 16688 --- [ecard-service] [           main] o.f.c.internal.database.base.Database    : Flyway upgrade recommended: PostgreSQL 17.5 is newer than this version of Flyway and support has not been tested. The latest supported version of PostgreSQL is 16.
2026-10-04T15:33:53.518+05:30  INFO 16688 --- [ecard-service] [           main] o.f.c.i.s.JdbcTableSchemaHistory         : Schema history table "public"."flyway_history_ecard" does not exist yet
2026-10-04T15:33:53.548+05:30  INFO 16688 --- [ecard-service] [           main] o.f.core.internal.command.DbValidate     : Successfully validated 2 migrations (execution time 00:00.277s)
2026-10-04T15:33:53.684+05:30  INFO 16688 --- [ecard-service] [           main] o.f.c.i.s.JdbcTableSchemaHistory         : Creating Schema History table "public"."flyway_history_ecard" with baseline ...
2026-10-04T15:33:53.959+05:30  INFO 16688 --- [ecard-service] [           main] o.f.core.internal.command.DbBaseline     : Successfully baselined schema with version: 0
2026-10-04T15:33:54.026+05:30  INFO 16688 --- [ecard-service] [           main] o.f.core.internal.command.DbMigrate      : Current version of schema "public": 0
2026-10-04T15:33:54.079+05:30  INFO 16688 --- [ecard-service] [           main] o.f.core.internal.command.DbMigrate      : Migrating schema "public" to version "1 - create tables"
2026-10-04T15:33:54.096+05:30  WARN 16688 --- [ecard-service] [           main] o.f.c.i.s.DefaultSqlScriptExecutor       : DB: relation "ecard_templates" already exists, skipping (SQL State: 42P07 - Error Code: 0)
2026-10-04T15:33:54.166+05:30  INFO 16688 --- [ecard-service] [           main] o.f.core.internal.command.DbMigrate      : Migrating schema "public" to version "2 - seed data"
2026-10-04T15:33:54.235+05:30  INFO 16688 --- [ecard-service] [           main] o.f.core.internal.command.DbMigrate      : Successfully applied 2 migrations to schema "public", now at version v2 (execution time 00:00.070s)
2026-10-04T15:33:55.524+05:30  INFO 16688 --- [ecard-service] [           main] o.hibernate.jpa.internal.util.LogHelper  : HHH000204: Processing PersistenceUnitInfo [name: default]
2026-10-04T15:33:56.093+05:30  INFO 16688 --- [ecard-service] [           main] org.hibernate.Version                    : HHH000412: Hibernate ORM core version 6.5.3.Final
2026-10-04T15:33:56.302+05:30  INFO 16688 --- [ecard-service] [           main] o.h.c.internal.RegionFactoryInitiator    : HHH000026: Second-level cache disabled
2026-10-04T15:33:57.662+05:30  INFO 16688 --- [ecard-service] [           main] o.s.o.j.p.SpringPersistenceUnitInfo      : No LoadTimeWeaver setup: ignoring JPA class transformer
2026-10-04T15:33:57.854+05:30  WARN 16688 --- [ecard-service] [           main] org.hibernate.orm.deprecation            : HHH90000025: PostgreSQLDialect does not need to be specified explicitly using 'hibernate.dialect' (remove the property setting and it will be selected by default)
2026-10-04T15:34:00.343+05:30  INFO 16688 --- [ecard-service] [           main] o.h.e.t.j.p.i.JtaPlatformInitiator       : HHH000489: No JTA platform available (set 'hibernate.transaction.jta.platform' to enable JTA platform integration)
2026-10-04T15:34:00.495+05:30  INFO 16688 --- [ecard-service] [           main] j.LocalContainerEntityManagerFactoryBean : Initialized JPA EntityManagerFactory for persistence unit 'default'
2026-10-04T15:34:02.653+05:30  WARN 16688 --- [ecard-service] [           main] JpaBaseConfiguration$JpaWebConfiguration : spring.jpa.open-in-view is enabled by default. Therefore, database queries may be performed during view rendering. Explicitly configure spring.jpa.open-in-view to disable this warning
2026-10-04T15:34:05.215+05:30  INFO 16688 --- [ecard-service] [           main] o.s.b.w.embedded.tomcat.TomcatWebServer  : Tomcat started on port 8086 (http) with context path '/'
2026-10-04T15:34:05.263+05:30  INFO 16688 --- [ecard-service] [           main] c.m.e.ecard.ECardServiceApplication      : Started ECardServiceApplication in 26.28 seconds (process running for 29.285)
2026-10-04T15:50:43.632+05:30  INFO 16688 --- [ecard-service] [nio-8086-exec-1] o.a.c.c.C.[Tomcat].[localhost].[/]       : Initializing Spring DispatcherServlet 'dispatcherServlet'
2026-10-04T15:50:43.634+05:30  INFO 16688 --- [ecard-service] [nio-8086-exec-1] o.s.web.servlet.DispatcherServlet        : Initializing Servlet 'dispatcherServlet'
2026-10-04T15:50:43.640+05:30  INFO 16688 --- [ecard-service] [nio-8086-exec-1] o.s.web.servlet.DispatcherServlet        : Completed initialization in 4 ms
2026-10-05T00:24:42.354+05:30  WARN 16688 --- [ecard-service] [l-1 housekeeper] com.zaxxer.hikari.pool.HikariPool        : HikariPool-1 - Thread starvation or clock leap detected (housekeeper delta=6h47m5s997ms30µs100ns).
2026-10-05T00:26:04.370+05:30  WARN 16688 --- [ecard-service] [l-1 housekeeper] com.zaxxer.hikari.pool.HikariPool        : HikariPool-1 - Thread starvation or clock leap detected (housekeeper delta=1m22s634ms312µs700ns).
