
  .   ____          _            __ _ _
 /\\ / ___'_ __ _ _(_)_ __  __ _ \ \ \ \
( ( )\___ | '_ | '_| | '_ \/ _` | \ \ \ \
 \\/  ___)| |_)| | | | | || (_| |  ) ) ) )
  '  |____| .__|_| |_|_| |_\__, | / / / /
 =========|_|==============|___/=/_/_/_/

 :: Spring Boot ::                (v3.3.4)

2026-10-04T16:20:37.236+05:30  INFO 19916 --- [insurer-service] [           main] c.m.e.insurer.InsurerServiceApplication  : Starting InsurerServiceApplication v1.0.0-SNAPSHOT using Java 21.0.12.1 with PID 19916 (C:\MY-Workspace\Learning-Java\insurer-service\target\insurer-service-1.0.0-SNAPSHOT.jar started by Gajanan in C:\MY-Workspace\Learning-Java)
2026-10-04T16:20:37.241+05:30  INFO 19916 --- [insurer-service] [           main] c.m.e.insurer.InsurerServiceApplication  : No active profile set, falling back to 1 default profile: "default"
2026-10-04T16:20:40.238+05:30  INFO 19916 --- [insurer-service] [           main] o.s.b.w.embedded.tomcat.TomcatWebServer  : Tomcat initialized with port 8088 (http)
2026-10-04T16:20:40.269+05:30  INFO 19916 --- [insurer-service] [           main] o.apache.catalina.core.StandardService   : Starting service [Tomcat]
2026-10-04T16:20:40.270+05:30  INFO 19916 --- [insurer-service] [           main] o.apache.catalina.core.StandardEngine    : Starting Servlet engine: [Apache Tomcat/10.1.30]
2026-10-04T16:20:40.343+05:30  INFO 19916 --- [insurer-service] [           main] o.a.c.c.C.[Tomcat].[localhost].[/]       : Initializing Spring embedded WebApplicationContext
2026-10-04T16:20:40.346+05:30  INFO 19916 --- [insurer-service] [           main] w.s.c.ServletWebServerApplicationContext : Root WebApplicationContext: initialization completed in 3002 ms
2026-10-04T16:20:40.983+05:30  INFO 19916 --- [insurer-service] [           main] com.zaxxer.hikari.HikariDataSource       : HikariPool-1 - Starting...
2026-10-04T16:20:41.527+05:30  INFO 19916 --- [insurer-service] [           main] com.zaxxer.hikari.pool.HikariPool        : HikariPool-1 - Added connection org.postgresql.jdbc.PgConnection@14447be
2026-10-04T16:20:41.532+05:30  INFO 19916 --- [insurer-service] [           main] com.zaxxer.hikari.HikariDataSource       : HikariPool-1 - Start completed.
2026-10-04T16:20:41.609+05:30  INFO 19916 --- [insurer-service] [           main] org.flywaydb.core.FlywayExecutor         : Database: jdbc:postgresql://localhost:5432/insurer_db (PostgreSQL 17.5)
2026-10-04T16:20:41.631+05:30  WARN 19916 --- [insurer-service] [           main] o.f.c.internal.database.base.Database    : Flyway upgrade recommended: PostgreSQL 17.5 is newer than this version of Flyway and support has not been tested. The latest supported version of PostgreSQL is 16.
2026-10-04T16:20:41.709+05:30  INFO 19916 --- [insurer-service] [           main] o.f.c.i.s.JdbcTableSchemaHistory         : Schema history table "public"."flyway_history_insurer" does not exist yet
2026-10-04T16:20:41.725+05:30  INFO 19916 --- [insurer-service] [           main] o.f.core.internal.command.DbValidate     : Successfully validated 2 migrations (execution time 00:00.066s)
2026-10-04T16:20:41.811+05:30  INFO 19916 --- [insurer-service] [           main] o.f.c.i.s.JdbcTableSchemaHistory         : Creating Schema History table "public"."flyway_history_insurer" ...
2026-10-04T16:20:42.065+05:30  INFO 19916 --- [insurer-service] [           main] o.f.core.internal.command.DbMigrate      : Current version of schema "public": << Empty Schema >>
2026-10-04T16:20:42.105+05:30  INFO 19916 --- [insurer-service] [           main] o.f.core.internal.command.DbMigrate      : Migrating schema "public" to version "1 - create tables"
2026-10-04T16:20:42.228+05:30  INFO 19916 --- [insurer-service] [           main] o.f.core.internal.command.DbMigrate      : Migrating schema "public" to version "2 - seed data"
2026-10-04T16:20:42.283+05:30  INFO 19916 --- [insurer-service] [           main] o.f.core.internal.command.DbMigrate      : Successfully applied 2 migrations to schema "public", now at version v2 (execution time 00:00.119s)
2026-10-04T16:20:43.612+05:30  INFO 19916 --- [insurer-service] [           main] o.s.b.w.embedded.tomcat.TomcatWebServer  : Tomcat started on port 8088 (http) with context path '/'
2026-10-04T16:20:43.635+05:30  INFO 19916 --- [insurer-service] [           main] c.m.e.insurer.InsurerServiceApplication  : Started InsurerServiceApplication in 7.442 seconds (process running for 8.435)
2026-10-04T16:21:05.384+05:30  INFO 19916 --- [insurer-service] [nio-8088-exec-2] o.a.c.c.C.[Tomcat].[localhost].[/]       : Initializing Spring DispatcherServlet 'dispatcherServlet'
2026-10-04T16:21:05.385+05:30  INFO 19916 --- [insurer-service] [nio-8088-exec-2] o.s.web.servlet.DispatcherServlet        : Initializing Servlet 'dispatcherServlet'
2026-10-04T16:21:05.388+05:30  INFO 19916 --- [insurer-service] [nio-8088-exec-2] o.s.web.servlet.DispatcherServlet        : Completed initialization in 1 ms
2026-10-05T00:25:41.160+05:30  WARN 19916 --- [insurer-service] [l-1 housekeeper] com.zaxxer.hikari.pool.HikariPool        : HikariPool-1 - Thread starvation or clock leap detected (housekeeper delta=6h47m55s840ms40µs100ns).
