
  .   ____          _            __ _ _
 /\\ / ___'_ __ _ _(_)_ __  __ _ \ \ \ \
( ( )\___ | '_ | '_| | '_ \/ _` | \ \ \ \
 \\/  ___)| |_)| | | | | || (_| |  ) ) ) )
  '  |____| .__|_| |_|_| |_\__, | / / / /
 =========|_|==============|___/=/_/_/_/

 :: Spring Boot ::                (v3.3.4)

2026-10-04T17:03:21.748+05:30  INFO 27200 --- [inward-service] [           main] c.m.e.inward.InwardServiceApplication    : Starting InwardServiceApplication v1.0.0-SNAPSHOT using Java 21.0.12.1 with PID 27200 (C:\MY-Workspace\Learning-Java\inward-service\target\inward-service-1.0.0-SNAPSHOT.jar started by Gajanan in C:\MY-Workspace\Learning-Java)
2026-10-04T17:03:21.751+05:30  INFO 27200 --- [inward-service] [           main] c.m.e.inward.InwardServiceApplication    : No active profile set, falling back to 1 default profile: "default"
2026-10-04T17:03:22.948+05:30  INFO 27200 --- [inward-service] [           main] .s.d.r.c.RepositoryConfigurationDelegate : Bootstrapping Spring Data JPA repositories in DEFAULT mode.
2026-10-04T17:03:23.040+05:30  INFO 27200 --- [inward-service] [           main] .s.d.r.c.RepositoryConfigurationDelegate : Finished Spring Data repository scanning in 80 ms. Found 3 JPA repository interfaces.
2026-10-04T17:03:27.673+05:30  INFO 27200 --- [inward-service] [           main] o.s.b.w.embedded.tomcat.TomcatWebServer  : Tomcat initialized with port 8082 (http)
2026-10-04T17:03:27.754+05:30  INFO 27200 --- [inward-service] [           main] o.apache.catalina.core.StandardService   : Starting service [Tomcat]
2026-10-04T17:03:27.768+05:30  INFO 27200 --- [inward-service] [           main] o.apache.catalina.core.StandardEngine    : Starting Servlet engine: [Apache Tomcat/10.1.30]
2026-10-04T17:03:28.016+05:30  INFO 27200 --- [inward-service] [           main] o.a.c.c.C.[Tomcat].[localhost].[/]       : Initializing Spring embedded WebApplicationContext
2026-10-04T17:03:28.050+05:30  INFO 27200 --- [inward-service] [           main] w.s.c.ServletWebServerApplicationContext : Root WebApplicationContext: initialization completed in 6227 ms
2026-10-04T17:03:30.370+05:30  INFO 27200 --- [inward-service] [           main] com.zaxxer.hikari.HikariDataSource       : HikariPool-1 - Starting...
2026-10-04T17:03:32.484+05:30  INFO 27200 --- [inward-service] [           main] com.zaxxer.hikari.pool.HikariPool        : HikariPool-1 - Added connection org.postgresql.jdbc.PgConnection@552fee7a
2026-10-04T17:03:32.505+05:30  INFO 27200 --- [inward-service] [           main] com.zaxxer.hikari.HikariDataSource       : HikariPool-1 - Start completed.
2026-10-04T17:03:32.660+05:30  INFO 27200 --- [inward-service] [           main] org.flywaydb.core.FlywayExecutor         : Database: jdbc:postgresql://localhost:5432/enrolment (PostgreSQL 17.5)
2026-10-04T17:03:32.700+05:30  WARN 27200 --- [inward-service] [           main] o.f.c.internal.database.base.Database    : Flyway upgrade recommended: PostgreSQL 17.5 is newer than this version of Flyway and support has not been tested. The latest supported version of PostgreSQL is 16.
2026-10-04T17:03:33.049+05:30  INFO 27200 --- [inward-service] [           main] o.f.core.internal.command.DbValidate     : Successfully validated 5 migrations (execution time 00:00.314s)
2026-10-04T17:03:33.123+05:30  INFO 27200 --- [inward-service] [           main] o.f.core.internal.command.DbMigrate      : Current version of schema "public": 3
2026-10-04T17:03:33.386+05:30  INFO 27200 --- [inward-service] [           main] o.f.core.internal.command.DbMigrate      : Migrating schema "public" to version "4 - provider inwards"
2026-10-04T17:03:33.493+05:30  INFO 27200 --- [inward-service] [           main] o.f.core.internal.command.DbMigrate      : Successfully applied 1 migration to schema "public", now at version v4 (execution time 00:00.093s)
2026-10-04T17:03:34.186+05:30  INFO 27200 --- [inward-service] [           main] o.hibernate.jpa.internal.util.LogHelper  : HHH000204: Processing PersistenceUnitInfo [name: default]
2026-10-04T17:03:34.428+05:30  INFO 27200 --- [inward-service] [           main] org.hibernate.Version                    : HHH000412: Hibernate ORM core version 6.5.3.Final
2026-10-04T17:03:34.628+05:30  INFO 27200 --- [inward-service] [           main] o.h.c.internal.RegionFactoryInitiator    : HHH000026: Second-level cache disabled
2026-10-04T17:03:36.150+05:30  INFO 27200 --- [inward-service] [           main] o.s.o.j.p.SpringPersistenceUnitInfo      : No LoadTimeWeaver setup: ignoring JPA class transformer
2026-10-04T17:03:36.329+05:30  WARN 27200 --- [inward-service] [           main] org.hibernate.orm.deprecation            : HHH90000025: PostgreSQLDialect does not need to be specified explicitly using 'hibernate.dialect' (remove the property setting and it will be selected by default)
2026-10-04T17:03:39.151+05:30  INFO 27200 --- [inward-service] [           main] o.h.e.t.j.p.i.JtaPlatformInitiator       : HHH000489: No JTA platform available (set 'hibernate.transaction.jta.platform' to enable JTA platform integration)
2026-10-04T17:03:39.320+05:30  INFO 27200 --- [inward-service] [           main] j.LocalContainerEntityManagerFactoryBean : Initialized JPA EntityManagerFactory for persistence unit 'default'
2026-10-04T17:03:43.252+05:30  WARN 27200 --- [inward-service] [           main] JpaBaseConfiguration$JpaWebConfiguration : spring.jpa.open-in-view is enabled by default. Therefore, database queries may be performed during view rendering. Explicitly configure spring.jpa.open-in-view to disable this warning
2026-10-04T17:03:45.695+05:30  INFO 27200 --- [inward-service] [           main] o.s.b.w.embedded.tomcat.TomcatWebServer  : Tomcat started on port 8082 (http) with context path '/'
2026-10-04T17:03:45.757+05:30  INFO 27200 --- [inward-service] [           main] c.m.e.inward.InwardServiceApplication    : Started InwardServiceApplication in 24.614 seconds (process running for 25.393)
2026-10-04T17:04:13.720+05:30  INFO 27200 --- [inward-service] [nio-8082-exec-1] o.a.c.c.C.[Tomcat].[localhost].[/]       : Initializing Spring DispatcherServlet 'dispatcherServlet'
2026-10-04T17:04:13.720+05:30  INFO 27200 --- [inward-service] [nio-8082-exec-1] o.s.web.servlet.DispatcherServlet        : Initializing Servlet 'dispatcherServlet'
2026-10-04T17:04:13.723+05:30  INFO 27200 --- [inward-service] [nio-8082-exec-1] o.s.web.servlet.DispatcherServlet        : Completed initialization in 2 ms
2026-10-05T00:24:39.798+05:30  WARN 27200 --- [inward-service] [l-1 housekeeper] com.zaxxer.hikari.pool.HikariPool        : HikariPool-1 - Thread starvation or clock leap detected (housekeeper delta=6h47m6s650ms50µs).
2026-10-05T00:26:00.285+05:30  WARN 27200 --- [inward-service] [l-1 housekeeper] com.zaxxer.hikari.pool.HikariPool        : HikariPool-1 - Thread starvation or clock leap detected (housekeeper delta=1m20s487ms587µs100ns).
