
  .   ____          _            __ _ _
 /\\ / ___'_ __ _ _(_)_ __  __ _ \ \ \ \
( ( )\___ | '_ | '_| | '_ \/ _` | \ \ \ \
 \\/  ___)| |_)| | | | | || (_| |  ) ) ) )
  '  |____| .__|_| |_|_| |_\__, | / / / /
 =========|_|==============|___/=/_/_/_/

 :: Spring Boot ::                (v3.3.4)

2026-10-04T15:33:40.752+05:30  INFO 10800 --- [member-service] [           main] c.m.e.member.MemberServiceApplication    : Starting MemberServiceApplication v1.0.0-SNAPSHOT using Java 21.0.12.1 with PID 10800 (C:\MY-Workspace\Learning-Java\member-service\target\member-service-1.0.0-SNAPSHOT.jar started by Gajanan in C:\MY-Workspace\Learning-Java)
2026-10-04T15:33:40.762+05:30  INFO 10800 --- [member-service] [           main] c.m.e.member.MemberServiceApplication    : No active profile set, falling back to 1 default profile: "default"
2026-10-04T15:33:45.023+05:30  INFO 10800 --- [member-service] [           main] .s.d.r.c.RepositoryConfigurationDelegate : Bootstrapping Spring Data JPA repositories in DEFAULT mode.
2026-10-04T15:33:45.309+05:30  INFO 10800 --- [member-service] [           main] .s.d.r.c.RepositoryConfigurationDelegate : Finished Spring Data repository scanning in 243 ms. Found 2 JPA repository interfaces.
2026-10-04T15:33:48.833+05:30  INFO 10800 --- [member-service] [           main] o.s.b.w.embedded.tomcat.TomcatWebServer  : Tomcat initialized with port 8085 (http)
2026-10-04T15:33:48.883+05:30  INFO 10800 --- [member-service] [           main] o.apache.catalina.core.StandardService   : Starting service [Tomcat]
2026-10-04T15:33:48.891+05:30  INFO 10800 --- [member-service] [           main] o.apache.catalina.core.StandardEngine    : Starting Servlet engine: [Apache Tomcat/10.1.30]
2026-10-04T15:33:49.247+05:30  INFO 10800 --- [member-service] [           main] o.a.c.c.C.[Tomcat].[localhost].[/]       : Initializing Spring embedded WebApplicationContext
2026-10-04T15:33:49.258+05:30  INFO 10800 --- [member-service] [           main] w.s.c.ServletWebServerApplicationContext : Root WebApplicationContext: initialization completed in 8221 ms
2026-10-04T15:33:51.174+05:30  INFO 10800 --- [member-service] [           main] com.zaxxer.hikari.HikariDataSource       : HikariPool-1 - Starting...
2026-10-04T15:33:53.134+05:30  INFO 10800 --- [member-service] [           main] com.zaxxer.hikari.pool.HikariPool        : HikariPool-1 - Added connection org.postgresql.jdbc.PgConnection@66e827a8
2026-10-04T15:33:53.139+05:30  INFO 10800 --- [member-service] [           main] com.zaxxer.hikari.HikariDataSource       : HikariPool-1 - Start completed.
2026-10-04T15:33:53.286+05:30  INFO 10800 --- [member-service] [           main] org.flywaydb.core.FlywayExecutor         : Database: jdbc:postgresql://localhost:5432/enrolment (PostgreSQL 17.5)
2026-10-04T15:33:53.316+05:30  WARN 10800 --- [member-service] [           main] o.f.c.internal.database.base.Database    : Flyway upgrade recommended: PostgreSQL 17.5 is newer than this version of Flyway and support has not been tested. The latest supported version of PostgreSQL is 16.
2026-10-04T15:33:53.452+05:30  INFO 10800 --- [member-service] [           main] o.f.c.i.s.JdbcTableSchemaHistory         : Schema history table "public"."flyway_history_member" does not exist yet
2026-10-04T15:33:53.476+05:30  INFO 10800 --- [member-service] [           main] o.f.core.internal.command.DbValidate     : Successfully validated 2 migrations (execution time 00:00.115s)
2026-10-04T15:33:53.551+05:30  INFO 10800 --- [member-service] [           main] o.f.c.i.s.JdbcTableSchemaHistory         : Creating Schema History table "public"."flyway_history_member" with baseline ...
2026-10-04T15:33:53.837+05:30  INFO 10800 --- [member-service] [           main] o.f.core.internal.command.DbBaseline     : Successfully baselined schema with version: 0
2026-10-04T15:33:53.914+05:30  INFO 10800 --- [member-service] [           main] o.f.core.internal.command.DbMigrate      : Current version of schema "public": 0
2026-10-04T15:33:53.969+05:30  INFO 10800 --- [member-service] [           main] o.f.core.internal.command.DbMigrate      : Migrating schema "public" to version "1 - create tables"
2026-10-04T15:33:54.009+05:30  WARN 10800 --- [member-service] [           main] o.f.c.i.s.DefaultSqlScriptExecutor       : DB: relation "enrollment_progress" already exists, skipping (SQL State: 42P07 - Error Code: 0)
2026-10-04T15:33:54.012+05:30  WARN 10800 --- [member-service] [           main] o.f.c.i.s.DefaultSqlScriptExecutor       : DB: relation "members" already exists, skipping (SQL State: 42P07 - Error Code: 0)
2026-10-04T15:33:54.097+05:30  INFO 10800 --- [member-service] [           main] o.f.core.internal.command.DbMigrate      : Migrating schema "public" to version "2 - seed data"
2026-10-04T15:33:54.171+05:30  INFO 10800 --- [member-service] [           main] o.f.core.internal.command.DbMigrate      : Successfully applied 2 migrations to schema "public", now at version v2 (execution time 00:00.096s)
2026-10-04T15:33:55.458+05:30  INFO 10800 --- [member-service] [           main] o.hibernate.jpa.internal.util.LogHelper  : HHH000204: Processing PersistenceUnitInfo [name: default]
2026-10-04T15:33:56.025+05:30  INFO 10800 --- [member-service] [           main] org.hibernate.Version                    : HHH000412: Hibernate ORM core version 6.5.3.Final
2026-10-04T15:33:56.241+05:30  INFO 10800 --- [member-service] [           main] o.h.c.internal.RegionFactoryInitiator    : HHH000026: Second-level cache disabled
2026-10-04T15:33:57.597+05:30  INFO 10800 --- [member-service] [           main] o.s.o.j.p.SpringPersistenceUnitInfo      : No LoadTimeWeaver setup: ignoring JPA class transformer
2026-10-04T15:33:57.812+05:30  WARN 10800 --- [member-service] [           main] org.hibernate.orm.deprecation            : HHH90000025: PostgreSQLDialect does not need to be specified explicitly using 'hibernate.dialect' (remove the property setting and it will be selected by default)
2026-10-04T15:34:00.563+05:30  INFO 10800 --- [member-service] [           main] o.h.e.t.j.p.i.JtaPlatformInitiator       : HHH000489: No JTA platform available (set 'hibernate.transaction.jta.platform' to enable JTA platform integration)
2026-10-04T15:34:00.689+05:30  INFO 10800 --- [member-service] [           main] j.LocalContainerEntityManagerFactoryBean : Initialized JPA EntityManagerFactory for persistence unit 'default'
2026-10-04T15:34:02.720+05:30  INFO 10800 --- [member-service] [           main] o.s.d.j.r.query.QueryEnhancerFactory     : Hibernate is in classpath; If applicable, HQL parser will be used.
2026-10-04T15:34:05.925+05:30  WARN 10800 --- [member-service] [           main] JpaBaseConfiguration$JpaWebConfiguration : spring.jpa.open-in-view is enabled by default. Therefore, database queries may be performed during view rendering. Explicitly configure spring.jpa.open-in-view to disable this warning
2026-10-04T15:34:07.932+05:30  INFO 10800 --- [member-service] [           main] o.s.b.w.embedded.tomcat.TomcatWebServer  : Tomcat started on port 8085 (http) with context path '/'
2026-10-04T15:34:07.950+05:30  INFO 10800 --- [member-service] [           main] c.m.e.member.MemberServiceApplication    : Started MemberServiceApplication in 29.26 seconds (process running for 31.98)
2026-10-04T18:24:29.443+05:30  WARN 10800 --- [member-service] [l-1 housekeeper] com.zaxxer.hikari.pool.HikariPool        : HikariPool-1 - Thread starvation or clock leap detected (housekeeper delta=46m58s646ms819µs200ns).
2026-10-05T00:25:56.690+05:30  WARN 10800 --- [member-service] [l-1 housekeeper] com.zaxxer.hikari.pool.HikariPool        : HikariPool-1 - Thread starvation or clock leap detected (housekeeper delta=6h1m27s264ms285µs600ns).
