
  .   ____          _            __ _ _
 /\\ / ___'_ __ _ _(_)_ __  __ _ \ \ \ \
( ( )\___ | '_ | '_| | '_ \/ _` | \ \ \ \
 \\/  ___)| |_)| | | | | || (_| |  ) ) ) )
  '  |____| .__|_| |_|_| |_\__, | / / / /
 =========|_|==============|___/=/_/_/_/

 :: Spring Boot ::                (v3.3.4)

2026-10-04T15:33:40.866+05:30  INFO 26864 --- [policy-service] [           main] c.m.e.policy.PolicyServiceApplication    : Starting PolicyServiceApplication v1.0.0-SNAPSHOT using Java 21.0.12.1 with PID 26864 (C:\MY-Workspace\Learning-Java\policy-service\target\policy-service-1.0.0-SNAPSHOT.jar started by Gajanan in C:\MY-Workspace\Learning-Java)
2026-10-04T15:33:40.892+05:30  INFO 26864 --- [policy-service] [           main] c.m.e.policy.PolicyServiceApplication    : No active profile set, falling back to 1 default profile: "default"
2026-10-04T15:33:45.385+05:30  INFO 26864 --- [policy-service] [           main] .s.d.r.c.RepositoryConfigurationDelegate : Bootstrapping Spring Data JPA repositories in DEFAULT mode.
2026-10-04T15:33:45.769+05:30  INFO 26864 --- [policy-service] [           main] .s.d.r.c.RepositoryConfigurationDelegate : Finished Spring Data repository scanning in 338 ms. Found 3 JPA repository interfaces.
2026-10-04T15:33:49.654+05:30  INFO 26864 --- [policy-service] [           main] o.s.b.w.embedded.tomcat.TomcatWebServer  : Tomcat initialized with port 8083 (http)
2026-10-04T15:33:49.808+05:30  INFO 26864 --- [policy-service] [           main] o.apache.catalina.core.StandardService   : Starting service [Tomcat]
2026-10-04T15:33:49.811+05:30  INFO 26864 --- [policy-service] [           main] o.apache.catalina.core.StandardEngine    : Starting Servlet engine: [Apache Tomcat/10.1.30]
2026-10-04T15:33:50.004+05:30  INFO 26864 --- [policy-service] [           main] o.a.c.c.C.[Tomcat].[localhost].[/]       : Initializing Spring embedded WebApplicationContext
2026-10-04T15:33:50.012+05:30  INFO 26864 --- [policy-service] [           main] w.s.c.ServletWebServerApplicationContext : Root WebApplicationContext: initialization completed in 8792 ms
2026-10-04T15:33:52.279+05:30  INFO 26864 --- [policy-service] [           main] com.zaxxer.hikari.HikariDataSource       : HikariPool-1 - Starting...
2026-10-04T15:33:54.393+05:30  INFO 26864 --- [policy-service] [           main] com.zaxxer.hikari.pool.HikariPool        : HikariPool-1 - Added connection org.postgresql.jdbc.PgConnection@7fbf26fc
2026-10-04T15:33:54.398+05:30  INFO 26864 --- [policy-service] [           main] com.zaxxer.hikari.HikariDataSource       : HikariPool-1 - Start completed.
2026-10-04T15:33:54.580+05:30  INFO 26864 --- [policy-service] [           main] org.flywaydb.core.FlywayExecutor         : Database: jdbc:postgresql://localhost:5432/enrolment (PostgreSQL 17.5)
2026-10-04T15:33:54.665+05:30  WARN 26864 --- [policy-service] [           main] o.f.c.internal.database.base.Database    : Flyway upgrade recommended: PostgreSQL 17.5 is newer than this version of Flyway and support has not been tested. The latest supported version of PostgreSQL is 16.
2026-10-04T15:33:55.171+05:30  INFO 26864 --- [policy-service] [           main] o.f.c.i.s.JdbcTableSchemaHistory         : Schema history table "public"."flyway_history_policy" does not exist yet
2026-10-04T15:33:55.188+05:30  INFO 26864 --- [policy-service] [           main] o.f.core.internal.command.DbValidate     : Successfully validated 3 migrations (execution time 00:00.472s)
2026-10-04T15:33:55.255+05:30  INFO 26864 --- [policy-service] [           main] o.f.c.i.s.JdbcTableSchemaHistory         : Creating Schema History table "public"."flyway_history_policy" with baseline ...
2026-10-04T15:33:55.419+05:30  INFO 26864 --- [policy-service] [           main] o.f.core.internal.command.DbBaseline     : Successfully baselined schema with version: 0
2026-10-04T15:33:55.484+05:30  INFO 26864 --- [policy-service] [           main] o.f.core.internal.command.DbMigrate      : Current version of schema "public": 0
2026-10-04T15:33:55.575+05:30  INFO 26864 --- [policy-service] [           main] o.f.core.internal.command.DbMigrate      : Migrating schema "public" to version "1 - create tables"
2026-10-04T15:33:55.597+05:30  WARN 26864 --- [policy-service] [           main] o.f.c.i.s.DefaultSqlScriptExecutor       : DB: relation "policies" already exists, skipping (SQL State: 42P07 - Error Code: 0)
2026-10-04T15:33:55.601+05:30  WARN 26864 --- [policy-service] [           main] o.f.c.i.s.DefaultSqlScriptExecutor       : DB: relation "policy_endorsements" already exists, skipping (SQL State: 42P07 - Error Code: 0)
2026-10-04T15:33:55.604+05:30  WARN 26864 --- [policy-service] [           main] o.f.c.i.s.DefaultSqlScriptExecutor       : DB: relation "work_items" already exists, skipping (SQL State: 42P07 - Error Code: 0)
2026-10-04T15:33:55.669+05:30  INFO 26864 --- [policy-service] [           main] o.f.core.internal.command.DbMigrate      : Migrating schema "public" to version "2 - seed data"
2026-10-04T15:33:55.705+05:30  INFO 26864 --- [policy-service] [           main] o.f.core.internal.command.DbMigrate      : Migrating schema "public" to version "3 - store insurer and corporate names"
2026-10-04T15:33:55.794+05:30  INFO 26864 --- [policy-service] [           main] o.f.core.internal.command.DbMigrate      : Successfully applied 3 migrations to schema "public", now at version v3 (execution time 00:00.125s)
2026-10-04T15:33:56.233+05:30  INFO 26864 --- [policy-service] [           main] o.hibernate.jpa.internal.util.LogHelper  : HHH000204: Processing PersistenceUnitInfo [name: default]
2026-10-04T15:33:56.612+05:30  INFO 26864 --- [policy-service] [           main] org.hibernate.Version                    : HHH000412: Hibernate ORM core version 6.5.3.Final
2026-10-04T15:33:56.771+05:30  INFO 26864 --- [policy-service] [           main] o.h.c.internal.RegionFactoryInitiator    : HHH000026: Second-level cache disabled
2026-10-04T15:33:57.988+05:30  INFO 26864 --- [policy-service] [           main] o.s.o.j.p.SpringPersistenceUnitInfo      : No LoadTimeWeaver setup: ignoring JPA class transformer
2026-10-04T15:33:58.208+05:30  WARN 26864 --- [policy-service] [           main] org.hibernate.orm.deprecation            : HHH90000025: PostgreSQLDialect does not need to be specified explicitly using 'hibernate.dialect' (remove the property setting and it will be selected by default)
2026-10-04T15:34:00.961+05:30  INFO 26864 --- [policy-service] [           main] o.h.e.t.j.p.i.JtaPlatformInitiator       : HHH000489: No JTA platform available (set 'hibernate.transaction.jta.platform' to enable JTA platform integration)
2026-10-04T15:34:01.103+05:30  INFO 26864 --- [policy-service] [           main] j.LocalContainerEntityManagerFactoryBean : Initialized JPA EntityManagerFactory for persistence unit 'default'
2026-10-04T15:34:04.410+05:30  WARN 26864 --- [policy-service] [           main] JpaBaseConfiguration$JpaWebConfiguration : spring.jpa.open-in-view is enabled by default. Therefore, database queries may be performed during view rendering. Explicitly configure spring.jpa.open-in-view to disable this warning
2026-10-04T15:34:07.284+05:30  INFO 26864 --- [policy-service] [           main] o.s.b.w.embedded.tomcat.TomcatWebServer  : Tomcat started on port 8083 (http) with context path '/'
2026-10-04T15:34:07.312+05:30  INFO 26864 --- [policy-service] [           main] c.m.e.policy.PolicyServiceApplication    : Started PolicyServiceApplication in 28.645 seconds (process running for 31.356)
2026-10-04T15:34:29.072+05:30  INFO 26864 --- [policy-service] [nio-8083-exec-1] o.a.c.c.C.[Tomcat].[localhost].[/]       : Initializing Spring DispatcherServlet 'dispatcherServlet'
2026-10-04T15:34:29.073+05:30  INFO 26864 --- [policy-service] [nio-8083-exec-1] o.s.web.servlet.DispatcherServlet        : Initializing Servlet 'dispatcherServlet'
2026-10-04T15:34:29.073+05:30  INFO 26864 --- [policy-service] [nio-8083-exec-1] o.s.web.servlet.DispatcherServlet        : Completed initialization in 0 ms
2026-10-04T18:24:29.727+05:30  WARN 26864 --- [policy-service] [l-1 housekeeper] com.zaxxer.hikari.pool.HikariPool        : HikariPool-1 - Thread starvation or clock leap detected (housekeeper delta=46m58s637ms274µs900ns).
2026-10-05T00:25:56.955+05:30  WARN 26864 --- [policy-service] [l-1 housekeeper] com.zaxxer.hikari.pool.HikariPool        : HikariPool-1 - Thread starvation or clock leap detected (housekeeper delta=6h1m27s234ms230µs700ns).
