
  .   ____          _            __ _ _
 /\\ / ___'_ __ _ _(_)_ __  __ _ \ \ \ \
( ( )\___ | '_ | '_| | '_ \/ _` | \ \ \ \
 \\/  ___)| |_)| | | | | || (_| |  ) ) ) )
  '  |____| .__|_| |_|_| |_\__, | / / / /
 =========|_|==============|___/=/_/_/_/

 :: Spring Boot ::                (v3.3.4)

2026-10-04T16:52:26.925+05:30  INFO 27228 --- [provider-service] [           main] c.m.e.p.ProviderServiceApplication       : Starting ProviderServiceApplication v1.0.0-SNAPSHOT using Java 21.0.12.1 with PID 27228 (C:\MY-Workspace\Learning-Java\provider-service\target\provider-service-1.0.0-SNAPSHOT.jar started by Gajanan in C:\MY-Workspace\Learning-Java)
2026-10-04T16:52:26.929+05:30  INFO 27228 --- [provider-service] [           main] c.m.e.p.ProviderServiceApplication       : No active profile set, falling back to 1 default profile: "default"
2026-10-04T16:52:28.907+05:30  INFO 27228 --- [provider-service] [           main] o.s.b.w.embedded.tomcat.TomcatWebServer  : Tomcat initialized with port 8089 (http)
2026-10-04T16:52:28.944+05:30  INFO 27228 --- [provider-service] [           main] o.apache.catalina.core.StandardService   : Starting service [Tomcat]
2026-10-04T16:52:28.945+05:30  INFO 27228 --- [provider-service] [           main] o.apache.catalina.core.StandardEngine    : Starting Servlet engine: [Apache Tomcat/10.1.30]
2026-10-04T16:52:29.067+05:30  INFO 27228 --- [provider-service] [           main] o.a.c.c.C.[Tomcat].[localhost].[/]       : Initializing Spring embedded WebApplicationContext
2026-10-04T16:52:29.070+05:30  INFO 27228 --- [provider-service] [           main] w.s.c.ServletWebServerApplicationContext : Root WebApplicationContext: initialization completed in 2090 ms
2026-10-04T16:52:30.483+05:30  INFO 27228 --- [provider-service] [           main] com.zaxxer.hikari.HikariDataSource       : HikariPool-1 - Starting...
2026-10-04T16:52:31.474+05:30  INFO 27228 --- [provider-service] [           main] com.zaxxer.hikari.pool.HikariPool        : HikariPool-1 - Added connection org.postgresql.jdbc.PgConnection@16c1519e
2026-10-04T16:52:31.481+05:30  INFO 27228 --- [provider-service] [           main] com.zaxxer.hikari.HikariDataSource       : HikariPool-1 - Start completed.
2026-10-04T16:52:31.681+05:30  INFO 27228 --- [provider-service] [           main] org.flywaydb.core.FlywayExecutor         : Database: jdbc:postgresql://localhost:5432/provider_db (PostgreSQL 17.5)
2026-10-04T16:52:31.902+05:30  WARN 27228 --- [provider-service] [           main] o.f.c.internal.database.base.Database    : Flyway upgrade recommended: PostgreSQL 17.5 is newer than this version of Flyway and support has not been tested. The latest supported version of PostgreSQL is 16.
2026-10-04T16:52:32.504+05:30  INFO 27228 --- [provider-service] [           main] o.f.core.internal.command.DbValidate     : Successfully validated 5 migrations (execution time 00:00.483s)
2026-10-04T16:52:32.796+05:30  INFO 27228 --- [provider-service] [           main] o.f.core.internal.command.DbMigrate      : Current version of schema "public": 4
2026-10-04T16:52:33.283+05:30  INFO 27228 --- [provider-service] [           main] o.f.core.internal.command.DbMigrate      : Migrating schema "public" to version "5 - rohini master"
2026-10-04T16:52:33.523+05:30  INFO 27228 --- [provider-service] [           main] o.f.core.internal.command.DbMigrate      : Successfully applied 1 migration to schema "public", now at version v5 (execution time 00:00.168s)
2026-10-04T16:52:35.570+05:30  INFO 27228 --- [provider-service] [           main] o.s.b.w.embedded.tomcat.TomcatWebServer  : Tomcat started on port 8089 (http) with context path '/'
2026-10-04T16:52:35.594+05:30  INFO 27228 --- [provider-service] [           main] c.m.e.p.ProviderServiceApplication       : Started ProviderServiceApplication in 9.328 seconds (process running for 10.127)
2026-10-04T16:52:50.739+05:30  INFO 27228 --- [provider-service] [nio-8089-exec-1] o.a.c.c.C.[Tomcat].[localhost].[/]       : Initializing Spring DispatcherServlet 'dispatcherServlet'
2026-10-04T16:52:50.741+05:30  INFO 27228 --- [provider-service] [nio-8089-exec-1] o.s.web.servlet.DispatcherServlet        : Initializing Servlet 'dispatcherServlet'
2026-10-04T16:52:50.746+05:30  INFO 27228 --- [provider-service] [nio-8089-exec-1] o.s.web.servlet.DispatcherServlet        : Completed initialization in 3 ms
2026-10-04T23:53:05.117+05:30  WARN 27228 --- [provider-service] [l-1 housekeeper] com.zaxxer.hikari.pool.HikariPool        : HikariPool-1 - Thread starvation or clock leap detected (housekeeper delta=6h15m32s698ms25µs400ns).
2026-10-05T00:25:58.320+05:30  WARN 27228 --- [provider-service] [l-1 housekeeper] com.zaxxer.hikari.pool.HikariPool        : HikariPool-1 - Thread starvation or clock leap detected (housekeeper delta=32m53s205ms345µs600ns).
