
  .   ____          _            __ _ _
 /\\ / ___'_ __ _ _(_)_ __  __ _ \ \ \ \
( ( )\___ | '_ | '_| | '_ \/ _` | \ \ \ \
 \\/  ___)| |_)| | | | | || (_| |  ) ) ) )
  '  |____| .__|_| |_|_| |_\__, | / / / /
 =========|_|==============|___/=/_/_/_/

 :: Spring Boot ::                (v3.3.4)

2026-10-04T17:03:21.702+05:30  INFO 5552 --- [tpa-service] [           main] c.m.e.tpa.TpaServiceApplication          : Starting TpaServiceApplication v1.0.0-SNAPSHOT using Java 21.0.12.1 with PID 5552 (C:\MY-Workspace\Learning-Java\tpa-service\target\tpa-service-1.0.0-SNAPSHOT.jar started by Gajanan in C:\MY-Workspace\Learning-Java)
2026-10-04T17:03:21.705+05:30  INFO 5552 --- [tpa-service] [           main] c.m.e.tpa.TpaServiceApplication          : No active profile set, falling back to 1 default profile: "default"
2026-10-04T17:03:22.746+05:30  INFO 5552 --- [tpa-service] [           main] .s.d.r.c.RepositoryConfigurationDelegate : Bootstrapping Spring Data JPA repositories in DEFAULT mode.
2026-10-04T17:03:22.828+05:30  INFO 5552 --- [tpa-service] [           main] .s.d.r.c.RepositoryConfigurationDelegate : Finished Spring Data repository scanning in 67 ms. Found 2 JPA repository interfaces.
2026-10-04T17:03:25.868+05:30  INFO 5552 --- [tpa-service] [           main] o.s.b.w.embedded.tomcat.TomcatWebServer  : Tomcat initialized with port 8087 (http)
2026-10-04T17:03:26.114+05:30  INFO 5552 --- [tpa-service] [           main] o.apache.catalina.core.StandardService   : Starting service [Tomcat]
2026-10-04T17:03:26.116+05:30  INFO 5552 --- [tpa-service] [           main] o.apache.catalina.core.StandardEngine    : Starting Servlet engine: [Apache Tomcat/10.1.30]
2026-10-04T17:03:26.692+05:30  INFO 5552 --- [tpa-service] [           main] o.a.c.c.C.[Tomcat].[localhost].[/]       : Initializing Spring embedded WebApplicationContext
2026-10-04T17:03:26.709+05:30  INFO 5552 --- [tpa-service] [           main] w.s.c.ServletWebServerApplicationContext : Root WebApplicationContext: initialization completed in 4934 ms
2026-10-04T17:03:28.808+05:30  INFO 5552 --- [tpa-service] [           main] com.zaxxer.hikari.HikariDataSource       : HikariPool-1 - Starting...
2026-10-04T17:03:30.280+05:30  INFO 5552 --- [tpa-service] [           main] com.zaxxer.hikari.pool.HikariPool        : HikariPool-1 - Added connection org.postgresql.jdbc.PgConnection@480cbe2e
2026-10-04T17:03:30.284+05:30  INFO 5552 --- [tpa-service] [           main] com.zaxxer.hikari.HikariDataSource       : HikariPool-1 - Start completed.
2026-10-04T17:03:30.501+05:30  INFO 5552 --- [tpa-service] [           main] org.flywaydb.core.FlywayExecutor         : Database: jdbc:postgresql://localhost:5432/tpa_db (PostgreSQL 17.5)
2026-10-04T17:03:30.552+05:30  WARN 5552 --- [tpa-service] [           main] o.f.c.internal.database.base.Database    : Flyway upgrade recommended: PostgreSQL 17.5 is newer than this version of Flyway and support has not been tested. The latest supported version of PostgreSQL is 16.
2026-10-04T17:03:31.397+05:30  INFO 5552 --- [tpa-service] [           main] o.f.core.internal.command.DbValidate     : Successfully validated 3 migrations (execution time 00:00.678s)
2026-10-04T17:03:31.439+05:30  INFO 5552 --- [tpa-service] [           main] o.f.core.internal.command.DbMigrate      : Current version of schema "public": 2
2026-10-04T17:03:31.606+05:30  INFO 5552 --- [tpa-service] [           main] o.f.core.internal.command.DbMigrate      : Migrating schema "public" to version "3 - provider network department"
2026-10-04T17:03:31.706+05:30  INFO 5552 --- [tpa-service] [           main] o.f.core.internal.command.DbMigrate      : Successfully applied 1 migration to schema "public", now at version v3 (execution time 00:00.059s)
2026-10-04T17:03:32.503+05:30  INFO 5552 --- [tpa-service] [           main] o.hibernate.jpa.internal.util.LogHelper  : HHH000204: Processing PersistenceUnitInfo [name: default]
2026-10-04T17:03:32.765+05:30  INFO 5552 --- [tpa-service] [           main] org.hibernate.Version                    : HHH000412: Hibernate ORM core version 6.5.3.Final
2026-10-04T17:03:33.253+05:30  INFO 5552 --- [tpa-service] [           main] o.h.c.internal.RegionFactoryInitiator    : HHH000026: Second-level cache disabled
2026-10-04T17:03:34.935+05:30  INFO 5552 --- [tpa-service] [           main] o.s.o.j.p.SpringPersistenceUnitInfo      : No LoadTimeWeaver setup: ignoring JPA class transformer
2026-10-04T17:03:35.103+05:30  WARN 5552 --- [tpa-service] [           main] org.hibernate.orm.deprecation            : HHH90000025: PostgreSQLDialect does not need to be specified explicitly using 'hibernate.dialect' (remove the property setting and it will be selected by default)
2026-10-04T17:03:38.162+05:30  INFO 5552 --- [tpa-service] [           main] o.h.e.t.j.p.i.JtaPlatformInitiator       : HHH000489: No JTA platform available (set 'hibernate.transaction.jta.platform' to enable JTA platform integration)
2026-10-04T17:03:38.267+05:30  INFO 5552 --- [tpa-service] [           main] j.LocalContainerEntityManagerFactoryBean : Initialized JPA EntityManagerFactory for persistence unit 'default'
2026-10-04T17:03:40.464+05:30  WARN 5552 --- [tpa-service] [           main] JpaBaseConfiguration$JpaWebConfiguration : spring.jpa.open-in-view is enabled by default. Therefore, database queries may be performed during view rendering. Explicitly configure spring.jpa.open-in-view to disable this warning
2026-10-04T17:03:44.122+05:30  INFO 5552 --- [tpa-service] [           main] o.s.b.w.embedded.tomcat.TomcatWebServer  : Tomcat started on port 8087 (http) with context path '/'
2026-10-04T17:03:44.176+05:30  INFO 5552 --- [tpa-service] [           main] c.m.e.tpa.TpaServiceApplication          : Started TpaServiceApplication in 23.116 seconds (process running for 23.8)
2026-10-04T17:04:13.323+05:30  INFO 5552 --- [tpa-service] [nio-8087-exec-1] o.a.c.c.C.[Tomcat].[localhost].[/]       : Initializing Spring DispatcherServlet 'dispatcherServlet'
2026-10-04T17:04:13.323+05:30  INFO 5552 --- [tpa-service] [nio-8087-exec-1] o.s.web.servlet.DispatcherServlet        : Initializing Servlet 'dispatcherServlet'
2026-10-04T17:04:13.324+05:30  INFO 5552 --- [tpa-service] [nio-8087-exec-1] o.s.web.servlet.DispatcherServlet        : Completed initialization in 1 ms
2026-10-04T18:24:29.583+05:30  WARN 5552 --- [tpa-service] [l-1 housekeeper] com.zaxxer.hikari.pool.HikariPool        : HikariPool-1 - Thread starvation or clock leap detected (housekeeper delta=46m58s655ms182µs800ns).
2026-10-05T00:25:56.783+05:30  WARN 5552 --- [tpa-service] [l-1 housekeeper] com.zaxxer.hikari.pool.HikariPool        : HikariPool-1 - Thread starvation or clock leap detected (housekeeper delta=6h1m27s200ms701µs700ns).
